q36: Vulkan device AMD BC-250 (RADV GFX1013), 15.35 GiB UMA
q36: Vulkan generic backend, BC-250 fast path, subgroup 64
q36: Vulkan queue family 0: graphics fallback (1 queue exposed)
q36-bench: context buffers 258.32 MiB (scratch=93.46 MiB, raw=15.23 MiB, compressed=149.62 MiB, ctx=600, backend=vulkan, prefill_chunk=256, raw_kv_rows=600, compressed_kv_rows=0)
q36: Vulkan prof dispatches=41876 record_ms=605.8 flushes=70 submit_wait_ms=1052.3
q36: Vulkan op profile
q36:   op embed_stage_copy             dispatches=36 flushes=0 groups=21120 record_ms=12.984 submit_wait_ms=0.000 gpu_ms=0.336 wall_ms=0.000
q36:   op norm                         dispatches=36 flushes=0 groups=1056 record_ms=0.739 submit_wait_ms=0.000 gpu_ms=0.938 wall_ms=0.000
q36:   op q8_k_quant                   dispatches=5218 flushes=0 groups=3109544 record_ms=5.267 submit_wait_ms=0.000 gpu_ms=30.493 wall_ms=0.000
q36:   op dense_iq4_xs_mmq             dispatches=384 flushes=0 groups=208640 record_ms=1.408 submit_wait_ms=0.000 gpu_ms=1313.254 wall_ms=0.000
q36:   op recurrent_conv_silu_decode   dispatches=1728 flushes=0 groups=69120 record_ms=2.364 submit_wait_ms=0.000 gpu_ms=42.135 wall_ms=0.000
q36:   op dense_f16                    dispatches=3456 flushes=0 groups=4866048 record_ms=3.946 submit_wait_ms=0.000 gpu_ms=85.322 wall_ms=0.000
q36:   op delta_qkv_l2                 dispatches=1728 flushes=0 groups=2433024 record_ms=2.258 submit_wait_ms=0.000 gpu_ms=18.594 wall_ms=0.000
q36:   op delta_gates                  dispatches=1728 flushes=0 groups=50688 record_ms=199.383 submit_wait_ms=0.000 gpu_ms=1.638 wall_ms=0.000
q36:   op delta_net_decode             dispatches=1728 flushes=0 groups=331776 record_ms=2.528 submit_wait_ms=0.000 gpu_ms=101.621 wall_ms=0.000
q36:   op recurrent_norm_gate_q8_k     dispatches=1728 flushes=0 groups=1216512 record_ms=2.275 submit_wait_ms=0.000 gpu_ms=45.345 wall_ms=0.000
q36:   op add_rms_norm                 dispatches=4608 flushes=0 groups=135168 record_ms=5.314 submit_wait_ms=0.000 gpu_ms=65.332 wall_ms=0.000
q36:   op dense_iq2_xs_mmq_5120x17408_n256 dispatches=20 flushes=0 groups=21760 record_ms=0.755 submit_wait_ms=0.000 gpu_ms=109.399 wall_ms=0.000
q36:   op dense_iq2_xxs_mmq_5120x17408_n256 dispatches=12 flushes=0 groups=13056 record_ms=0.018 submit_wait_ms=0.000 gpu_ms=57.513 wall_ms=0.000
q36:   op swiglu_q8_k                  dispatches=2304 flushes=0 groups=4595712 record_ms=2.709 submit_wait_ms=0.000 gpu_ms=45.115 wall_ms=0.000
q36:   op dense_iq2_s_mmq_17408x5120_n256 dispatches=16 flushes=0 groups=5120 record_ms=0.033 submit_wait_ms=0.000 gpu_ms=81.756 wall_ms=0.000
q36:   op predequant_b16               dispatches=784 flushes=0 groups=1492992 record_ms=211.021 submit_wait_ms=0.000 gpu_ms=9.309 wall_ms=0.000
q36:   op dense_iq3_s_mmq_5120x10240_n256 dispatches=88 flushes=0 groups=28160 record_ms=0.881 submit_wait_ms=0.000 gpu_ms=236.239 wall_ms=0.000
q36:   op dense_iq3_xxs_mmq_5120x6144_n256 dispatches=36 flushes=0 groups=13824 record_ms=0.139 submit_wait_ms=0.000 gpu_ms=62.973 wall_ms=0.000
q36:   op submit_eager                 dispatches=0 flushes=1284 groups=0 record_ms=0.000 submit_wait_ms=6430.777 gpu_ms=0.000 wall_ms=0.000
q36:   op dense_q4k_mmq_6144x5120_n256 dispatches=36 flushes=0 groups=11520 record_ms=0.191 submit_wait_ms=0.000 gpu_ms=77.489 wall_ms=0.000
q36:   op dense_iq3_s_mmq_17408x5120_n256 dispatches=88 flushes=0 groups=14080 record_ms=0.225 submit_wait_ms=0.000 gpu_ms=435.064 wall_ms=0.000
q36:   op dense_iq3_xxs_mmq_5120x10240_n256 dispatches=52 flushes=0 groups=33280 record_ms=0.147 submit_wait_ms=0.000 gpu_ms=141.632 wall_ms=0.000
q36:   op dense_iq3_s_mmq_5120x6144_n256 dispatches=72 flushes=0 groups=13824 record_ms=0.155 submit_wait_ms=0.000 gpu_ms=127.046 wall_ms=0.000
q36:   op dense_iq3_xxs_mmq_5120x17408_n256 dispatches=108 flushes=0 groups=117504 record_ms=0.365 submit_wait_ms=0.000 gpu_ms=674.210 wall_ms=0.000
q36:   op dense_iq3_s_mmq_5120x17408_n256 dispatches=160 flushes=0 groups=87040 record_ms=0.397 submit_wait_ms=0.000 gpu_ms=730.810 wall_ms=0.000
q36:   op dense_iq2_xxs_mmq_5120x12288_n256 dispatches=4 flushes=0 groups=3072 record_ms=0.007 submit_wait_ms=0.000 gpu_ms=13.843 wall_ms=0.000
q36:   op dense_iq3_s_mmq_5120x1024_n256 dispatches=28 flushes=0 groups=896 record_ms=0.078 submit_wait_ms=0.000 gpu_ms=17.219 wall_ms=0.000
q36:   op norm_rope                    dispatches=576 flushes=0 groups=405504 record_ms=1.124 submit_wait_ms=0.000 gpu_ms=6.525 wall_ms=0.000
q36:   op norm_rope_kv_quant           dispatches=576 flushes=0 groups=67584 record_ms=1.262 submit_wait_ms=0.000 gpu_ms=9.261 wall_ms=0.000
q36:   op attn_prefill_fa_gqa6         dispatches=64 flushes=0 groups=8192 record_ms=0.881 submit_wait_ms=0.000 gpu_ms=42.154 wall_ms=0.000
q36:   op attn_combine                 dispatches=576 flushes=0 groups=405504 record_ms=1.131 submit_wait_ms=0.000 gpu_ms=4.961 wall_ms=0.000
q36:   op dense_iq3_s_mmq_6144x5120_n256 dispatches=128 flushes=0 groups=20480 record_ms=0.494 submit_wait_ms=0.000 gpu_ms=220.338 wall_ms=0.000
q36:   op dense_iq3_xxs_mmq_17408x5120_n256 dispatches=28 flushes=0 groups=8960 record_ms=0.091 submit_wait_ms=0.000 gpu_ms=140.151 wall_ms=0.000
q36:   op dense_iq2_s_mmq_5120x17408_n256 dispatches=36 flushes=0 groups=39168 record_ms=0.075 submit_wait_ms=0.000 gpu_ms=174.032 wall_ms=0.000
q36:   op dense_q2k_mmq_5120x12288_n256 dispatches=24 flushes=0 groups=18432 record_ms=0.058 submit_wait_ms=0.000 gpu_ms=97.182 wall_ms=0.000
q36:   op dense_iq3_xxs_mmq_6144x5120_n256 dispatches=20 flushes=0 groups=6400 record_ms=0.045 submit_wait_ms=0.000 gpu_ms=35.348 wall_ms=0.000
q36:   op dense_q2k_mmq_5120x6144_n256 dispatches=16 flushes=0 groups=6144 record_ms=0.033 submit_wait_ms=0.000 gpu_ms=33.286 wall_ms=0.000
q36:   op dense_iq2_s_mmq_5120x1024_n256 dispatches=4 flushes=0 groups=256 record_ms=0.008 submit_wait_ms=0.000 gpu_ms=1.913 wall_ms=0.000
q36:   op dense_iq3_xxs_mmq_5120x1024_n256 dispatches=8 flushes=0 groups=512 record_ms=0.018 submit_wait_ms=0.000 gpu_ms=3.666 wall_ms=0.000
q36:   op dense_iq2_xs_mmq_17408x5120_n256 dispatches=12 flushes=0 groups=3840 record_ms=0.027 submit_wait_ms=0.000 gpu_ms=63.246 wall_ms=0.000
q36:   op dense_iq1_m                  dispatches=36 flushes=0 groups=18382848 record_ms=0.782 submit_wait_ms=0.000 gpu_ms=263.616 wall_ms=0.000
q36:   op dense_iq2_xs_mmq_5120x10240_n256 dispatches=4 flushes=0 groups=2560 record_ms=0.011 submit_wait_ms=0.000 gpu_ms=11.559 wall_ms=0.000
q36:   op dense_q4k_mmq_5120x1024_n256 dispatches=52 flushes=0 groups=3328 record_ms=0.155 submit_wait_ms=0.000 gpu_ms=31.130 wall_ms=0.000
q36:   op dense_q2k_mmq_17408x5120_n256 dispatches=4 flushes=0 groups=1280 record_ms=0.009 submit_wait_ms=0.000 gpu_ms=24.012 wall_ms=0.000
q36:   op dense_iq2_s_mmq_5120x6144_n256 dispatches=8 flushes=0 groups=3072 record_ms=0.020 submit_wait_ms=0.000 gpu_ms=14.940 wall_ms=0.000
q36:   op dense_q2k_mmq_5120x10240_n256 dispatches=4 flushes=0 groups=2560 record_ms=0.011 submit_wait_ms=0.000 gpu_ms=13.059 wall_ms=0.000
q36:   op dense_q4k_mmq_5120x6144_n256 dispatches=12 flushes=0 groups=4608 record_ms=0.025 submit_wait_ms=0.000 gpu_ms=25.624 wall_ms=0.000
q36:   op dense_iq3_s_mmq_5120x12288_n256 dispatches=12 flushes=0 groups=4608 record_ms=0.024 submit_wait_ms=0.000 gpu_ms=39.528 wall_ms=0.000
q36:   op dense_q2k_mmq_5120x17408_n256 dispatches=4 flushes=0 groups=4352 record_ms=0.009 submit_wait_ms=0.000 gpu_ms=22.491 wall_ms=0.000
q36:   op dense_q4k_mmq_17408x5120_n256 dispatches=24 flushes=0 groups=7680 record_ms=0.052 submit_wait_ms=0.000 gpu_ms=152.499 wall_ms=0.000
q36:   op dense_q4k_mmq_5120x17408_n256 dispatches=20 flushes=0 groups=21760 record_ms=0.042 submit_wait_ms=0.000 gpu_ms=112.020 wall_ms=0.000
q36:   op dense_iq3_mmq                dispatches=12 flushes=0 groups=9216 record_ms=0.028 submit_wait_ms=0.000 gpu_ms=41.172 wall_ms=0.000
q36:   op dense_kquant_mmq             dispatches=8 flushes=0 groups=5632 record_ms=0.019 submit_wait_ms=0.000 gpu_ms=30.160 wall_ms=0.000
q36:   op submit_wait_query_pool       dispatches=0 flushes=36 groups=0 record_ms=0.000 submit_wait_ms=527.030 gpu_ms=0.000 wall_ms=0.000
q36:   op dense_extra_mmq              dispatches=4 flushes=0 groups=2560 record_ms=0.010 submit_wait_ms=0.000 gpu_ms=12.104 wall_ms=0.000
q36:   op tensor_copy                  dispatches=36 flushes=0 groups=36 record_ms=0.000 submit_wait_ms=0.000 gpu_ms=0.000 wall_ms=0.000
q36:   op dense_q4k_decode             dispatches=1250 flushes=0 groups=3855616 record_ms=1.119 submit_wait_ms=0.000 gpu_ms=195.453 wall_ms=0.000
q36:   op top2_stage1                  dispatches=34 flushes=0 groups=4352 record_ms=0.801 submit_wait_ms=0.000 gpu_ms=0.281 wall_ms=0.000
q36:   op top2_stage2                  dispatches=34 flushes=0 groups=34 record_ms=0.033 submit_wait_ms=0.000 gpu_ms=0.142 wall_ms=0.000
q36:   op submit_wait_tensor_read      dispatches=0 flushes=34 groups=0 record_ms=0.000 submit_wait_ms=525.318 gpu_ms=0.000 wall_ms=0.000
q36:   op dense_iq4_xs_decode          dispatches=3072 flushes=0 groups=6676480 record_ms=132.062 submit_wait_ms=0.000 gpu_ms=270.666 wall_ms=0.000
q36:   op dense_extra_decode           dispatches=960 flushes=0 groups=3022848 record_ms=1.930 submit_wait_ms=0.000 gpu_ms=121.989 wall_ms=0.000
q36:   op dense_iq3_s_decode           dispatches=4608 flushes=0 groups=10751264 record_ms=3.902 submit_wait_ms=0.000 gpu_ms=432.851 wall_ms=0.000
q36:   op dense_iq3_xxs_decode         dispatches=2496 flushes=0 groups=7741440 record_ms=2.135 submit_wait_ms=0.000 gpu_ms=243.865 wall_ms=0.000
q36:   op attn_decode_split            dispatches=512 flushes=0 groups=24576 record_ms=1.351 submit_wait_ms=0.000 gpu_ms=45.520 wall_ms=0.000
q36:   op dense_q2k_decode             dispatches=416 flushes=0 groups=1048576 record_ms=0.413 submit_wait_ms=0.000 gpu_ms=121.749 wall_ms=0.000
q36: Vulkan kernel GPU time total_ms=7583.117
q36:   vulkan/copy_rows.spv             dispatches=36 groups=21120 gpu_ms=0.336 pct=0.0
q36:   vulkan/rms_norm.spv              dispatches=36 groups=1056 gpu_ms=0.938 pct=0.0
q36:   vulkan/quantize_q8_k.spv         dispatches=5218 groups=3109544 gpu_ms=30.493 pct=0.4
q36:   vulkan/dense_iq4_xs_mmq.spv      dispatches=384 groups=208640 gpu_ms=1313.254 pct=17.3
q36:   vulkan/recur_conv_silu_decode.spv dispatches=1728 groups=69120 gpu_ms=42.135 pct=0.6
q36:   vulkan/matmul_bf16.spv           dispatches=3456 groups=4866048 gpu_ms=85.322 pct=1.1
q36:   vulkan/delta_qkv.spv             dispatches=1728 groups=2433024 gpu_ms=18.594 pct=0.2
q36:   vulkan/delta_gates.spv           dispatches=1728 groups=50688 gpu_ms=1.638 pct=0.0
q36:   vulkan/delta_net_decode_reg_f16.spv dispatches=1728 groups=331776 gpu_ms=101.621 pct=1.3
q36:   vulkan/recur_norm_gate_q8_k.spv  dispatches=1728 groups=1216512 gpu_ms=45.345 pct=0.6
q36:   vulkan/add_rms_norm.spv          dispatches=4608 groups=135168 gpu_ms=65.332 pct=0.9
q36:   vulkan/dense_extra_mmq.spv       dispatches=56 groups=46848 gpu_ms=267.664 pct=3.5
q36:   vulkan/swiglu_q8_k.spv           dispatches=2304 groups=4595712 gpu_ms=45.115 pct=0.6
q36:   vulkan/dense_extra_mmq_iq2s.spv  dispatches=64 groups=47616 gpu_ms=272.642 pct=3.6
q36:   vulkan/predequant_b16.spv        dispatches=784 groups=1492992 gpu_ms=9.309 pct=0.1
q36:   vulkan/dense_iq3_s_bm64_mmq.spv  dispatches=576 groups=169088 gpu_ms=1806.244 pct=23.8
q36:   vulkan/dense_iq3_xxs_mmq.spv     dispatches=216 groups=137472 gpu_ms=699.715 pct=9.2
q36:   vulkan/dense_kquant_mmq.spv      dispatches=204 groups=87296 gpu_ms=618.953 pct=8.2
q36:   vulkan/rms_norm_rope_qwen.spv    dispatches=576 groups=405504 gpu_ms=6.525 pct=0.1
q36:   vulkan/rms_norm_rope_kv_qwen_quant.spv dispatches=576 groups=67584 gpu_ms=9.261 pct=0.1
q36:   vulkan/attn_prefill_fa_gqa6.spv  dispatches=64 groups=8192 gpu_ms=42.154 pct=0.6
q36:   vulkan/attn_combine.spv          dispatches=576 groups=405504 gpu_ms=4.961 pct=0.1
q36:   vulkan/dense_iq3_xxs_mmq_pair.spv dispatches=48 groups=52224 gpu_ms=399.437 pct=5.3
q36:   vulkan/dense_iq1_m.spv           dispatches=36 groups=18382848 gpu_ms=263.616 pct=3.5
q36:   vulkan/dense_q4k_decode.spv      dispatches=1250 groups=3855616 gpu_ms=195.453 pct=2.6
q36:   vulkan/top2.spv                  dispatches=68 groups=4386 gpu_ms=0.423 pct=0.0
q36:   vulkan/dense_iq4_xs_decode.spv   dispatches=3072 groups=6676480 gpu_ms=270.666 pct=3.6
q36:   vulkan/dense_extra_decode.spv    dispatches=448 groups=1499136 gpu_ms=60.820 pct=0.8
q36:   vulkan/dense_extra_decode_iq2s.spv dispatches=512 groups=1523712 gpu_ms=61.168 pct=0.8
q36:   vulkan/dense_iq3_s_decode_r4.spv dispatches=4288 groups=10469376 gpu_ms=419.176 pct=5.5
q36:   vulkan/dense_iq3_xxs_decode_r4.spv dispatches=2496 groups=7741440 gpu_ms=243.865 pct=3.2
q36:   vulkan/dense_iq3_s_decode.spv    dispatches=320 groups=281888 gpu_ms=13.675 pct=0.2
q36:   vulkan/attn_decode_split.spv     dispatches=512 groups=24576 gpu_ms=45.520 pct=0.6
q36:   vulkan/dense_kquant_decode.spv   dispatches=416 groups=1048576 gpu_ms=121.749 pct=1.6
